
> nextn@0.1.0 build
> next build

Γû▓ Next.js 16.1.6 (Turbopack)
- Environments: .env.local

  Creating an optimized production build ...
Γ£ô Compiled successfully in 18.7s
  Skipping validation of types
  Collecting page data using 7 workers ...
  Generating static pages using 7 workers (0/22) ...
  Generating static pages using 7 workers (5/22) 
  Generating static pages using 7 workers (10/22) 
  Generating static pages using 7 workers (16/22) 
Γ£ô Generating static pages using 7 workers (22/22) in 1796.2ms
  Finalizing page optimization ...

Route (app)
Γöî Γùï /
Γö£ Γùï /_not-found
Γö£ ╞Æ /api/generate-pdf
Γö£ Γùï /calendar
Γö£ Γùï /dashboard
Γö£ ╞Æ /docs/edit/[id]
Γö£ Γùï /docs/view/ [id]
Γö£ ╞Æ /docs/view/[id]
Γö£ Γùï /draft
Γö£ ╞Æ /editor/[id]
Γö£ Γùï /login
Γö£ Γùï /m-admin
Γö£ Γùï /m-admin/magic-docs
Γö£ ╞Æ /m-admin/magic-docs/[id]
Γö£ Γùï /m-admin/manage-categories
Γö£ Γùï /m-admin/manage-magictab
Γö£ Γùï /m-admin/manage-orders
Γö£ ╞Æ /m-admin/manage-orders/[id]
Γö£ Γùï /m-admin/manage-templates
Γö£ Γùï /m-admin/settings
Γö£ Γùï /magictab
Γö£ Γùï /order-history
Γö£ ╞Æ /order-history/[id]
Γö£ Γùï /pdf
Γö£ ╞Æ /products/[id]
Γö£ ╞Æ /share/[id]
Γö£ Γùï /templates
Γöö Γùï /welcome


Γùï  (Static)   prerendered as static content
╞Æ  (Dynamic)  server-rendered on demand

